// Vitest Snapshot v1, https://vitest.dev/guide/snapshot.html

exports[`rubricScorer — golden regression across all built-in challenges (Phase 3 invariant) > scores every built-in challenge identically across the attempt grid (snapshot) 1`] = `
[
  {
    "degraded": {
      "cleanTopology": false,
      "hasRequiredBlocks": true,
      "passedMetrics": true,
      "stars": 1,
      "underBudget": false,
    },
    "id": "add-a-database",
    "metricsFail": {
      "cleanTopology": true,
      "hasRequiredBlocks": true,
      "passedMetrics": false,
      "stars": 0,
      "underBudget": true,
    },
    "missingReq": {
      "cleanTopology": true,
      "hasRequiredBlocks": false,
      "passedMetrics": true,
      "stars": 0,
      "underBudget": true,
    },
    "pass": {
      "cleanTopology": true,
      "hasRequiredBlocks": true,
      "passedMetrics": true,
      "stars": 3,
      "underBudget": true,
    },
  },
  {
    "degraded": {
      "cleanTopology": false,
      "hasRequiredBlocks": true,
      "passedMetrics": true,
      "stars": 1,
      "underBudget": false,
    },
    "id": "always-on",
    "metricsFail": {
      "cleanTopology": true,
      "hasRequiredBlocks": true,
      "passedMetrics": false,
      "stars": 0,
      "underBudget": true,
    },
    "missingReq": {
      "cleanTopology": true,
      "hasRequiredBlocks": false,
      "passedMetrics": true,
      "stars": 0,
      "underBudget": true,
    },
    "pass": {
      "cleanTopology": true,
      "hasRequiredBlocks": true,
      "passedMetrics": true,
      "stars": 3,
      "underBudget": true,
    },
  },
  {
    "degraded": {
      "cleanTopology": false,
      "hasRequiredBlocks": true,
      "passedMetrics": true,
      "stars": 1,
      "underBudget": false,
    },
    "id": "analytics-backbone",
    "metricsFail": {
      "cleanTopology": true,
      "hasRequiredBlocks": true,
      "passedMetrics": false,
      "stars": 0,
      "underBudget": true,
    },
    "missingReq": {
      "cleanTopology": true,
      "hasRequiredBlocks": false,
      "passedMetrics": true,
      "stars": 0,
      "underBudget": true,
    },
    "pass": {
      "cleanTopology": true,
      "hasRequiredBlocks": true,
      "passedMetrics": true,
      "stars": 3,
      "underBudget": true,
    },
  },
  {
    "degraded": {
      "cleanTopology": false,
      "hasRequiredBlocks": true,
      "passedMetrics": true,
      "stars": 1,
      "underBudget": false,
    },
    "id": "api-gateway",
    "metricsFail": {
      "cleanTopology": true,
      "hasRequiredBlocks": true,
      "passedMetrics": false,
      "stars": 0,
      "underBudget": true,
    },
    "missingReq": {
      "cleanTopology": true,
      "hasRequiredBlocks": false,
      "passedMetrics": true,
      "stars": 0,
      "underBudget": true,
    },
    "pass": {
      "cleanTopology": true,
      "hasRequiredBlocks": true,
      "passedMetrics": true,
      "stars": 3,
      "underBudget": true,
    },
  },
  {
    "degraded": {
      "cleanTopology": false,
      "hasRequiredBlocks": true,
      "passedMetrics": true,
      "stars": 1,
      "underBudget": false,
    },
    "id": "async-backbone",
    "metricsFail": {
      "cleanTopology": true,
      "hasRequiredBlocks": true,
      "passedMetrics": false,
      "stars": 0,
      "underBudget": true,
    },
    "missingReq": {
      "cleanTopology": true,
      "hasRequiredBlocks": false,
      "passedMetrics": true,
      "stars": 0,
      "underBudget": true,
    },
    "pass": {
      "cleanTopology": true,
      "hasRequiredBlocks": true,
      "passedMetrics": true,
      "stars": 3,
      "underBudget": true,
    },
  },
  {
    "degraded": {
      "cleanTopology": false,
      "hasRequiredBlocks": true,
      "passedMetrics": true,
      "stars": 1,
      "underBudget": false,
    },
    "id": "async-pipeline",
    "metricsFail": {
      "cleanTopology": true,
      "hasRequiredBlocks": true,
      "passedMetrics": false,
      "stars": 0,
      "underBudget": true,
    },
    "missingReq": {
      "cleanTopology": true,
      "hasRequiredBlocks": false,
      "passedMetrics": true,
      "stars": 0,
      "underBudget": true,
    },
    "pass": {
      "cleanTopology": true,
      "hasRequiredBlocks": true,
      "passedMetrics": true,
      "stars": 3,
      "underBudget": true,
    },
  },
  {
    "degraded": {
      "cleanTopology": false,
      "hasRequiredBlocks": true,
      "passedMetrics": true,
      "stars": 1,
      "underBudget": false,
    },
    "id": "auth-101",
    "metricsFail": {
      "cleanTopology": true,
      "hasRequiredBlocks": true,
      "passedMetrics": false,
      "stars": 0,
      "underBudget": true,
    },
    "missingReq": {
      "cleanTopology": true,
      "hasRequiredBlocks": false,
      "passedMetrics": true,
      "stars": 0,
      "underBudget": true,
    },
    "pass": {
      "cleanTopology": true,
      "hasRequiredBlocks": true,
      "passedMetrics": true,
      "stars": 3,
      "underBudget": true,
    },
  },
  {
    "degraded": {
      "cleanTopology": false,
      "hasRequiredBlocks": true,
      "passedMetrics": true,
      "stars": 1,
      "underBudget": false,
    },
    "id": "burst-absorber",
    "metricsFail": {
      "cleanTopology": true,
      "hasRequiredBlocks": true,
      "passedMetrics": false,
      "stars": 0,
      "underBudget": true,
    },
    "missingReq": {
      "cleanTopology": true,
      "hasRequiredBlocks": false,
      "passedMetrics": true,
      "stars": 0,
      "underBudget": true,
    },
    "pass": {
      "cleanTopology": true,
      "hasRequiredBlocks": true,
      "passedMetrics": true,
      "stars": 3,
      "underBudget": true,
    },
  },
  {
    "degraded": {
      "cleanTopology": false,
      "hasRequiredBlocks": true,
      "passedMetrics": true,
      "stars": 1,
      "underBudget": false,
    },
    "id": "cache-or-crash",
    "metricsFail": {
      "cleanTopology": true,
      "hasRequiredBlocks": true,
      "passedMetrics": false,
      "stars": 0,
      "underBudget": true,
    },
    "missingReq": {
      "cleanTopology": true,
      "hasRequiredBlocks": false,
      "passedMetrics": true,
      "stars": 0,
      "underBudget": true,
    },
    "pass": {
      "cleanTopology": true,
      "hasRequiredBlocks": true,
      "passedMetrics": true,
      "stars": 3,
      "underBudget": true,
    },
  },
  {
    "degraded": {
      "cleanTopology": false,
      "hasRequiredBlocks": true,
      "passedMetrics": true,
      "stars": 1,
      "underBudget": false,
    },
    "id": "cache-the-hot-path",
    "metricsFail": {
      "cleanTopology": true,
      "hasRequiredBlocks": true,
      "passedMetrics": false,
      "stars": 0,
      "underBudget": true,
    },
    "missingReq": {
      "cleanTopology": true,
      "hasRequiredBlocks": false,
      "passedMetrics": true,
      "stars": 0,
      "underBudget": true,
    },
    "pass": {
      "cleanTopology": true,
      "hasRequiredBlocks": true,
      "passedMetrics": true,
      "stars": 3,
      "underBudget": true,
    },
  },
  {
    "degraded": {
      "cleanTopology": false,
      "hasRequiredBlocks": true,
      "passedMetrics": true,
      "stars": 1,
      "underBudget": false,
    },
    "id": "chaos-day",
    "metricsFail": {
      "cleanTopology": true,
      "hasRequiredBlocks": true,
      "passedMetrics": false,
      "stars": 0,
      "underBudget": true,
    },
    "missingReq": {
      "cleanTopology": true,
      "hasRequiredBlocks": false,
      "passedMetrics": true,
      "stars": 0,
      "underBudget": true,
    },
    "pass": {
      "cleanTopology": true,
      "hasRequiredBlocks": true,
      "passedMetrics": true,
      "stars": 3,
      "underBudget": true,
    },
  },
  {
    "degraded": {
      "cleanTopology": false,
      "hasRequiredBlocks": true,
      "passedMetrics": true,
      "stars": 1,
      "underBudget": false,
    },
    "id": "checkout-flow",
    "metricsFail": {
      "cleanTopology": true,
      "hasRequiredBlocks": true,
      "passedMetrics": false,
      "stars": 0,
      "underBudget": true,
    },
    "missingReq": {
      "cleanTopology": true,
      "hasRequiredBlocks": false,
      "passedMetrics": true,
      "stars": 0,
      "underBudget": true,
    },
    "pass": {
      "cleanTopology": true,
      "hasRequiredBlocks": true,
      "passedMetrics": true,
      "stars": 3,
      "underBudget": true,
    },
  },
  {
    "degraded": {
      "cleanTopology": false,
      "hasRequiredBlocks": true,
      "passedMetrics": true,
      "stars": 1,
      "underBudget": false,
    },
    "id": "cold-start-spike",
    "metricsFail": {
      "cleanTopology": true,
      "hasRequiredBlocks": true,
      "passedMetrics": false,
      "stars": 0,
      "underBudget": true,
    },
    "missingReq": {
      "cleanTopology": true,
      "hasRequiredBlocks": false,
      "passedMetrics": true,
      "stars": 0,
      "underBudget": true,
    },
    "pass": {
      "cleanTopology": true,
      "hasRequiredBlocks": true,
      "passedMetrics": true,
      "stars": 3,
      "underBudget": true,
    },
  },
  {
    "degraded": {
      "cleanTopology": false,
      "hasRequiredBlocks": true,
      "passedMetrics": true,
      "stars": 1,
      "underBudget": false,
    },
    "id": "data-pipeline",
    "metricsFail": {
      "cleanTopology": true,
      "hasRequiredBlocks": true,
      "passedMetrics": false,
      "stars": 0,
      "underBudget": true,
    },
    "missingReq": {
      "cleanTopology": true,
      "hasRequiredBlocks": false,
      "passedMetrics": true,
      "stars": 0,
      "underBudget": true,
    },
    "pass": {
      "cleanTopology": true,
      "hasRequiredBlocks": true,
      "passedMetrics": true,
      "stars": 3,
      "underBudget": true,
    },
  },
  {
    "degraded": {
      "cleanTopology": false,
      "hasRequiredBlocks": true,
      "passedMetrics": true,
      "stars": 1,
      "underBudget": false,
    },
    "id": "defense-in-depth",
    "metricsFail": {
      "cleanTopology": true,
      "hasRequiredBlocks": true,
      "passedMetrics": false,
      "stars": 0,
      "underBudget": true,
    },
    "missingReq": {
      "cleanTopology": true,
      "hasRequiredBlocks": false,
      "passedMetrics": true,
      "stars": 0,
      "underBudget": true,
    },
    "pass": {
      "cleanTopology": true,
      "hasRequiredBlocks": true,
      "passedMetrics": true,
      "stars": 3,
      "underBudget": true,
    },
  },
  {
    "degraded": {
      "cleanTopology": false,
      "hasRequiredBlocks": true,
      "passedMetrics": true,
      "stars": 1,
      "underBudget": false,
    },
    "id": "dns-routing",
    "metricsFail": {
      "cleanTopology": true,
      "hasRequiredBlocks": true,
      "passedMetrics": false,
      "stars": 0,
      "underBudget": true,
    },
    "missingReq": {
      "cleanTopology": true,
      "hasRequiredBlocks": false,
      "passedMetrics": true,
      "stars": 0,
      "underBudget": true,
    },
    "pass": {
      "cleanTopology": true,
      "hasRequiredBlocks": true,
      "passedMetrics": true,
      "stars": 3,
      "underBudget": true,
    },
  },
  {
    "degraded": {
      "cleanTopology": false,
      "hasRequiredBlocks": true,
      "passedMetrics": true,
      "stars": 1,
      "underBudget": false,
    },
    "id": "edge-balance",
    "metricsFail": {
      "cleanTopology": true,
      "hasRequiredBlocks": true,
      "passedMetrics": false,
      "stars": 0,
      "underBudget": true,
    },
    "missingReq": {
      "cleanTopology": true,
      "hasRequiredBlocks": false,
      "passedMetrics": true,
      "stars": 0,
      "underBudget": true,
    },
    "pass": {
      "cleanTopology": true,
      "hasRequiredBlocks": true,
      "passedMetrics": true,
      "stars": 3,
      "underBudget": true,
    },
  },
  {
    "degraded": {
      "cleanTopology": false,
      "hasRequiredBlocks": true,
      "passedMetrics": true,
      "stars": 1,
      "underBudget": false,
    },
    "id": "edge-cache-ratio",
    "metricsFail": {
      "cleanTopology": true,
      "hasRequiredBlocks": true,
      "passedMetrics": false,
      "stars": 0,
      "underBudget": true,
    },
    "missingReq": {
      "cleanTopology": true,
      "hasRequiredBlocks": false,
      "passedMetrics": true,
      "stars": 0,
      "underBudget": true,
    },
    "pass": {
      "cleanTopology": true,
      "hasRequiredBlocks": true,
      "passedMetrics": true,
      "stars": 3,
      "underBudget": true,
    },
  },
  {
    "degraded": {
      "cleanTopology": false,
      "hasRequiredBlocks": true,
      "passedMetrics": true,
      "stars": 1,
      "underBudget": false,
    },
    "id": "edge-delivery",
    "metricsFail": {
      "cleanTopology": true,
      "hasRequiredBlocks": true,
      "passedMetrics": false,
      "stars": 0,
      "underBudget": true,
    },
    "missingReq": {
      "cleanTopology": true,
      "hasRequiredBlocks": false,
      "passedMetrics": true,
      "stars": 0,
      "underBudget": true,
    },
    "pass": {
      "cleanTopology": true,
      "hasRequiredBlocks": true,
      "passedMetrics": true,
      "stars": 3,
      "underBudget": true,
    },
  },
  {
    "degraded": {
      "cleanTopology": false,
      "hasRequiredBlocks": true,
      "passedMetrics": false,
      "stars": 0,
      "underBudget": false,
    },
    "id": "edge-economics",
    "metricsFail": {
      "cleanTopology": true,
      "hasRequiredBlocks": true,
      "passedMetrics": false,
      "stars": 0,
      "underBudget": true,
    },
    "missingReq": {
      "cleanTopology": true,
      "hasRequiredBlocks": false,
      "passedMetrics": false,
      "stars": 0,
      "underBudget": true,
    },
    "pass": {
      "cleanTopology": true,
      "hasRequiredBlocks": true,
      "passedMetrics": false,
      "stars": 0,
      "underBudget": true,
    },
  },
  {
    "degraded": {
      "cleanTopology": false,
      "hasRequiredBlocks": true,
      "passedMetrics": true,
      "stars": 1,
      "underBudget": false,
    },
    "id": "edge-resilience",
    "metricsFail": {
      "cleanTopology": true,
      "hasRequiredBlocks": true,
      "passedMetrics": false,
      "stars": 0,
      "underBudget": true,
    },
    "missingReq": {
      "cleanTopology": true,
      "hasRequiredBlocks": false,
      "passedMetrics": true,
      "stars": 0,
      "underBudget": true,
    },
    "pass": {
      "cleanTopology": true,
      "hasRequiredBlocks": true,
      "passedMetrics": true,
      "stars": 3,
      "underBudget": true,
    },
  },
  {
    "degraded": {
      "cleanTopology": false,
      "hasRequiredBlocks": true,
      "passedMetrics": true,
      "stars": 1,
      "underBudget": false,
    },
    "id": "event-stream",
    "metricsFail": {
      "cleanTopology": true,
      "hasRequiredBlocks": true,
      "passedMetrics": false,
      "stars": 0,
      "underBudget": true,
    },
    "missingReq": {
      "cleanTopology": true,
      "hasRequiredBlocks": false,
      "passedMetrics": true,
      "stars": 0,
      "underBudget": true,
    },
    "pass": {
      "cleanTopology": true,
      "hasRequiredBlocks": true,
      "passedMetrics": true,
      "stars": 3,
      "underBudget": true,
    },
  },
  {
    "degraded": {
      "cleanTopology": false,
      "hasRequiredBlocks": true,
      "passedMetrics": true,
      "stars": 1,
      "underBudget": false,
    },
    "id": "fan-it-out",
    "metricsFail": {
      "cleanTopology": true,
      "hasRequiredBlocks": true,
      "passedMetrics": false,
      "stars": 0,
      "underBudget": true,
    },
    "missingReq": {
      "cleanTopology": true,
      "hasRequiredBlocks": false,
      "passedMetrics": true,
      "stars": 0,
      "underBudget": true,
    },
    "pass": {
      "cleanTopology": true,
      "hasRequiredBlocks": true,
      "passedMetrics": true,
      "stars": 2,
      "underBudget": true,
    },
  },
  {
    "degraded": {
      "cleanTopology": false,
      "hasRequiredBlocks": true,
      "passedMetrics": true,
      "stars": 1,
      "underBudget": false,
    },
    "id": "first-service",
    "metricsFail": {
      "cleanTopology": true,
      "hasRequiredBlocks": true,
      "passedMetrics": false,
      "stars": 0,
      "underBudget": true,
    },
    "missingReq": {
      "cleanTopology": true,
      "hasRequiredBlocks": true,
      "passedMetrics": true,
      "stars": 3,
      "underBudget": true,
    },
    "pass": {
      "cleanTopology": true,
      "hasRequiredBlocks": true,
      "passedMetrics": true,
      "stars": 3,
      "underBudget": true,
    },
  },
  {
    "degraded": {
      "cleanTopology": false,
      "hasRequiredBlocks": true,
      "passedMetrics": true,
      "stars": 0,
      "underBudget": false,
    },
    "id": "follow-the-sun",
    "metricsFail": {
      "cleanTopology": true,
      "hasRequiredBlocks": true,
      "passedMetrics": false,
      "stars": 0,
      "underBudget": true,
    },
    "missingReq": {
      "cleanTopology": true,
      "hasRequiredBlocks": false,
      "passedMetrics": true,
      "stars": 0,
      "underBudget": true,
    },
    "pass": {
      "cleanTopology": true,
      "hasRequiredBlocks": true,
      "passedMetrics": true,
      "stars": 0,
      "underBudget": true,
    },
  },
  {
    "degraded": {
      "cleanTopology": false,
      "hasRequiredBlocks": true,
      "passedMetrics": true,
      "stars": 1,
      "underBudget": false,
    },
    "id": "fortress",
    "metricsFail": {
      "cleanTopology": true,
      "hasRequiredBlocks": true,
      "passedMetrics": false,
      "stars": 0,
      "underBudget": true,
    },
    "missingReq": {
      "cleanTopology": true,
      "hasRequiredBlocks": false,
      "passedMetrics": true,
      "stars": 0,
      "underBudget": true,
    },
    "pass": {
      "cleanTopology": true,
      "hasRequiredBlocks": true,
      "passedMetrics": true,
      "stars": 3,
      "underBudget": true,
    },
  },
  {
    "degraded": {
      "cleanTopology": false,
      "hasRequiredBlocks": true,
      "passedMetrics": true,
      "stars": 1,
      "underBudget": false,
    },
    "id": "foundations-mastery",
    "metricsFail": {
      "cleanTopology": true,
      "hasRequiredBlocks": true,
      "passedMetrics": false,
      "stars": 0,
      "underBudget": true,
    },
    "missingReq": {
      "cleanTopology": true,
      "hasRequiredBlocks": false,
      "passedMetrics": true,
      "stars": 0,
      "underBudget": true,
    },
    "pass": {
      "cleanTopology": true,
      "hasRequiredBlocks": true,
      "passedMetrics": true,
      "stars": 3,
      "underBudget": true,
    },
  },
  {
    "degraded": {
      "cleanTopology": false,
      "hasRequiredBlocks": true,
      "passedMetrics": true,
      "stars": 1,
      "underBudget": false,
    },
    "id": "four-front-war",
    "metricsFail": {
      "cleanTopology": true,
      "hasRequiredBlocks": true,
      "passedMetrics": false,
      "stars": 0,
      "underBudget": true,
    },
    "missingReq": {
      "cleanTopology": true,
      "hasRequiredBlocks": false,
      "passedMetrics": true,
      "stars": 0,
      "underBudget": true,
    },
    "pass": {
      "cleanTopology": true,
      "hasRequiredBlocks": true,
      "passedMetrics": true,
      "stars": 3,
      "underBudget": true,
    },
  },
  {
    "degraded": {
      "cleanTopology": false,
      "hasRequiredBlocks": true,
      "passedMetrics": true,
      "stars": 0,
      "underBudget": false,
    },
    "id": "heat-death",
    "metricsFail": {
      "cleanTopology": true,
      "hasRequiredBlocks": true,
      "passedMetrics": false,
      "stars": 0,
      "underBudget": true,
    },
    "missingReq": {
      "cleanTopology": true,
      "hasRequiredBlocks": false,
      "passedMetrics": true,
      "stars": 0,
      "underBudget": true,
    },
    "pass": {
      "cleanTopology": true,
      "hasRequiredBlocks": true,
      "passedMetrics": true,
      "stars": 0,
      "underBudget": true,
    },
  },
  {
    "degraded": {
      "cleanTopology": false,
      "hasRequiredBlocks": true,
      "passedMetrics": false,
      "stars": 0,
      "underBudget": false,
    },
    "id": "lean-at-scale",
    "metricsFail": {
      "cleanTopology": true,
      "hasRequiredBlocks": true,
      "passedMetrics": false,
      "stars": 0,
      "underBudget": true,
    },
    "missingReq": {
      "cleanTopology": true,
      "hasRequiredBlocks": false,
      "passedMetrics": false,
      "stars": 0,
      "underBudget": true,
    },
    "pass": {
      "cleanTopology": true,
      "hasRequiredBlocks": true,
      "passedMetrics": false,
      "stars": 0,
      "underBudget": true,
    },
  },
  {
    "degraded": {
      "cleanTopology": false,
      "hasRequiredBlocks": true,
      "passedMetrics": true,
      "stars": 1,
      "underBudget": false,
    },
    "id": "llm-service",
    "metricsFail": {
      "cleanTopology": true,
      "hasRequiredBlocks": true,
      "passedMetrics": false,
      "stars": 0,
      "underBudget": true,
    },
    "missingReq": {
      "cleanTopology": true,
      "hasRequiredBlocks": false,
      "passedMetrics": true,
      "stars": 0,
      "underBudget": true,
    },
    "pass": {
      "cleanTopology": true,
      "hasRequiredBlocks": true,
      "passedMetrics": true,
      "stars": 3,
      "underBudget": true,
    },
  },
  {
    "degraded": {
      "cleanTopology": false,
      "hasRequiredBlocks": true,
      "passedMetrics": true,
      "stars": 0,
      "underBudget": false,
    },
    "id": "maxwells-demon",
    "metricsFail": {
      "cleanTopology": true,
      "hasRequiredBlocks": true,
      "passedMetrics": false,
      "stars": 0,
      "underBudget": true,
    },
    "missingReq": {
      "cleanTopology": true,
      "hasRequiredBlocks": false,
      "passedMetrics": true,
      "stars": 0,
      "underBudget": true,
    },
    "pass": {
      "cleanTopology": true,
      "hasRequiredBlocks": true,
      "passedMetrics": true,
      "stars": 0,
      "underBudget": true,
    },
  },
  {
    "degraded": {
      "cleanTopology": false,
      "hasRequiredBlocks": true,
      "passedMetrics": true,
      "stars": 1,
      "underBudget": false,
    },
    "id": "no-cache-no-mercy",
    "metricsFail": {
      "cleanTopology": true,
      "hasRequiredBlocks": true,
      "passedMetrics": false,
      "stars": 0,
      "underBudget": true,
    },
    "missingReq": {
      "cleanTopology": true,
      "hasRequiredBlocks": false,
      "passedMetrics": true,
      "stars": 0,
      "underBudget": true,
    },
    "pass": {
      "cleanTopology": true,
      "hasRequiredBlocks": true,
      "passedMetrics": true,
      "stars": 3,
      "underBudget": true,
    },
  },
  {
    "degraded": {
      "cleanTopology": false,
      "hasRequiredBlocks": true,
      "passedMetrics": true,
      "stars": 1,
      "underBudget": false,
    },
    "id": "observe-baseline",
    "metricsFail": {
      "cleanTopology": true,
      "hasRequiredBlocks": true,
      "passedMetrics": false,
      "stars": 0,
      "underBudget": true,
    },
    "missingReq": {
      "cleanTopology": true,
      "hasRequiredBlocks": false,
      "passedMetrics": true,
      "stars": 0,
      "underBudget": true,
    },
    "pass": {
      "cleanTopology": true,
      "hasRequiredBlocks": true,
      "passedMetrics": true,
      "stars": 3,
      "underBudget": true,
    },
  },
  {
    "degraded": {
      "cleanTopology": false,
      "hasRequiredBlocks": true,
      "passedMetrics": true,
      "stars": 1,
      "underBudget": false,
    },
    "id": "observe-to-recover",
    "metricsFail": {
      "cleanTopology": true,
      "hasRequiredBlocks": true,
      "passedMetrics": false,
      "stars": 0,
      "underBudget": true,
    },
    "missingReq": {
      "cleanTopology": true,
      "hasRequiredBlocks": false,
      "passedMetrics": true,
      "stars": 0,
      "underBudget": true,
    },
    "pass": {
      "cleanTopology": true,
      "hasRequiredBlocks": true,
      "passedMetrics": true,
      "stars": 3,
      "underBudget": true,
    },
  },
  {
    "degraded": {
      "cleanTopology": false,
      "hasRequiredBlocks": true,
      "passedMetrics": true,
      "stars": 0,
      "underBudget": false,
    },
    "id": "planet-scale",
    "metricsFail": {
      "cleanTopology": true,
      "hasRequiredBlocks": true,
      "passedMetrics": false,
      "stars": 0,
      "underBudget": true,
    },
    "missingReq": {
      "cleanTopology": true,
      "hasRequiredBlocks": false,
      "passedMetrics": true,
      "stars": 0,
      "underBudget": true,
    },
    "pass": {
      "cleanTopology": true,
      "hasRequiredBlocks": true,
      "passedMetrics": true,
      "stars": 0,
      "underBudget": true,
    },
  },
  {
    "degraded": {
      "cleanTopology": false,
      "hasRequiredBlocks": true,
      "passedMetrics": true,
      "stars": 1,
      "underBudget": false,
    },
    "id": "polyglot-persistence",
    "metricsFail": {
      "cleanTopology": true,
      "hasRequiredBlocks": true,
      "passedMetrics": false,
      "stars": 0,
      "underBudget": true,
    },
    "missingReq": {
      "cleanTopology": true,
      "hasRequiredBlocks": false,
      "passedMetrics": true,
      "stars": 0,
      "underBudget": true,
    },
    "pass": {
      "cleanTopology": true,
      "hasRequiredBlocks": true,
      "passedMetrics": true,
      "stars": 3,
      "underBudget": true,
    },
  },
  {
    "degraded": {
      "cleanTopology": false,
      "hasRequiredBlocks": true,
      "passedMetrics": true,
      "stars": 1,
      "underBudget": false,
    },
    "id": "production-ai",
    "metricsFail": {
      "cleanTopology": true,
      "hasRequiredBlocks": true,
      "passedMetrics": false,
      "stars": 0,
      "underBudget": true,
    },
    "missingReq": {
      "cleanTopology": true,
      "hasRequiredBlocks": false,
      "passedMetrics": true,
      "stars": 0,
      "underBudget": true,
    },
    "pass": {
      "cleanTopology": true,
      "hasRequiredBlocks": true,
      "passedMetrics": true,
      "stars": 3,
      "underBudget": true,
    },
  },
  {
    "degraded": {
      "cleanTopology": false,
      "hasRequiredBlocks": true,
      "passedMetrics": true,
      "stars": 1,
      "underBudget": false,
    },
    "id": "rag-retrieval",
    "metricsFail": {
      "cleanTopology": true,
      "hasRequiredBlocks": true,
      "passedMetrics": false,
      "stars": 0,
      "underBudget": true,
    },
    "missingReq": {
      "cleanTopology": true,
      "hasRequiredBlocks": false,
      "passedMetrics": true,
      "stars": 0,
      "underBudget": true,
    },
    "pass": {
      "cleanTopology": true,
      "hasRequiredBlocks": true,
      "passedMetrics": true,
      "stars": 3,
      "underBudget": true,
    },
  },
  {
    "degraded": {
      "cleanTopology": false,
      "hasRequiredBlocks": true,
      "passedMetrics": true,
      "stars": 1,
      "underBudget": false,
    },
    "id": "rate-limit",
    "metricsFail": {
      "cleanTopology": true,
      "hasRequiredBlocks": true,
      "passedMetrics": false,
      "stars": 0,
      "underBudget": true,
    },
    "missingReq": {
      "cleanTopology": true,
      "hasRequiredBlocks": false,
      "passedMetrics": true,
      "stars": 0,
      "underBudget": true,
    },
    "pass": {
      "cleanTopology": true,
      "hasRequiredBlocks": true,
      "passedMetrics": true,
      "stars": 3,
      "underBudget": true,
    },
  },
  {
    "degraded": {
      "cleanTopology": false,
      "hasRequiredBlocks": true,
      "passedMetrics": true,
      "stars": 1,
      "underBudget": false,
    },
    "id": "read-aside",
    "metricsFail": {
      "cleanTopology": true,
      "hasRequiredBlocks": true,
      "passedMetrics": false,
      "stars": 0,
      "underBudget": true,
    },
    "missingReq": {
      "cleanTopology": true,
      "hasRequiredBlocks": false,
      "passedMetrics": true,
      "stars": 0,
      "underBudget": true,
    },
    "pass": {
      "cleanTopology": true,
      "hasRequiredBlocks": true,
      "passedMetrics": true,
      "stars": 2,
      "underBudget": true,
    },
  },
  {
    "degraded": {
      "cleanTopology": false,
      "hasRequiredBlocks": true,
      "passedMetrics": true,
      "stars": 1,
      "underBudget": false,
    },
    "id": "realtime-live",
    "metricsFail": {
      "cleanTopology": true,
      "hasRequiredBlocks": true,
      "passedMetrics": false,
      "stars": 0,
      "underBudget": true,
    },
    "missingReq": {
      "cleanTopology": true,
      "hasRequiredBlocks": false,
      "passedMetrics": true,
      "stars": 0,
      "underBudget": true,
    },
    "pass": {
      "cleanTopology": true,
      "hasRequiredBlocks": true,
      "passedMetrics": true,
      "stars": 3,
      "underBudget": true,
    },
  },
  {
    "degraded": {
      "cleanTopology": false,
      "hasRequiredBlocks": true,
      "passedMetrics": true,
      "stars": 1,
      "underBudget": false,
    },
    "id": "scale-out",
    "metricsFail": {
      "cleanTopology": true,
      "hasRequiredBlocks": true,
      "passedMetrics": false,
      "stars": 0,
      "underBudget": true,
    },
    "missingReq": {
      "cleanTopology": true,
      "hasRequiredBlocks": false,
      "passedMetrics": true,
      "stars": 0,
      "underBudget": true,
    },
    "pass": {
      "cleanTopology": true,
      "hasRequiredBlocks": true,
      "passedMetrics": true,
      "stars": 3,
      "underBudget": true,
    },
  },
  {
    "degraded": {
      "cleanTopology": false,
      "hasRequiredBlocks": true,
      "passedMetrics": true,
      "stars": 1,
      "underBudget": false,
    },
    "id": "search-at-scale",
    "metricsFail": {
      "cleanTopology": true,
      "hasRequiredBlocks": true,
      "passedMetrics": false,
      "stars": 0,
      "underBudget": true,
    },
    "missingReq": {
      "cleanTopology": true,
      "hasRequiredBlocks": false,
      "passedMetrics": true,
      "stars": 0,
      "underBudget": true,
    },
    "pass": {
      "cleanTopology": true,
      "hasRequiredBlocks": true,
      "passedMetrics": true,
      "stars": 3,
      "underBudget": true,
    },
  },
  {
    "degraded": {
      "cleanTopology": false,
      "hasRequiredBlocks": true,
      "passedMetrics": true,
      "stars": 1,
      "underBudget": false,
    },
    "id": "serverless-burst",
    "metricsFail": {
      "cleanTopology": true,
      "hasRequiredBlocks": true,
      "passedMetrics": false,
      "stars": 0,
      "underBudget": true,
    },
    "missingReq": {
      "cleanTopology": true,
      "hasRequiredBlocks": false,
      "passedMetrics": true,
      "stars": 0,
      "underBudget": true,
    },
    "pass": {
      "cleanTopology": true,
      "hasRequiredBlocks": true,
      "passedMetrics": true,
      "stars": 3,
      "underBudget": true,
    },
  },
  {
    "degraded": {
      "cleanTopology": false,
      "hasRequiredBlocks": true,
      "passedMetrics": true,
      "stars": 1,
      "underBudget": false,
    },
    "id": "serverless-or-bust",
    "metricsFail": {
      "cleanTopology": true,
      "hasRequiredBlocks": true,
      "passedMetrics": false,
      "stars": 0,
      "underBudget": true,
    },
    "missingReq": {
      "cleanTopology": true,
      "hasRequiredBlocks": true,
      "passedMetrics": true,
      "stars": 3,
      "underBudget": true,
    },
    "pass": {
      "cleanTopology": true,
      "hasRequiredBlocks": true,
      "passedMetrics": true,
      "stars": 3,
      "underBudget": true,
    },
  },
  {
    "degraded": {
      "cleanTopology": false,
      "hasRequiredBlocks": true,
      "passedMetrics": true,
      "stars": 1,
      "underBudget": false,
    },
    "id": "siem-audit",
    "metricsFail": {
      "cleanTopology": true,
      "hasRequiredBlocks": true,
      "passedMetrics": false,
      "stars": 0,
      "underBudget": true,
    },
    "missingReq": {
      "cleanTopology": true,
      "hasRequiredBlocks": false,
      "passedMetrics": true,
      "stars": 0,
      "underBudget": true,
    },
    "pass": {
      "cleanTopology": true,
      "hasRequiredBlocks": true,
      "passedMetrics": true,
      "stars": 3,
      "underBudget": true,
    },
  },
  {
    "degraded": {
      "cleanTopology": false,
      "hasRequiredBlocks": true,
      "passedMetrics": true,
      "stars": 1,
      "underBudget": false,
    },
    "id": "stream-processor",
    "metricsFail": {
      "cleanTopology": true,
      "hasRequiredBlocks": true,
      "passedMetrics": false,
      "stars": 0,
      "underBudget": true,
    },
    "missingReq": {
      "cleanTopology": true,
      "hasRequiredBlocks": false,
      "passedMetrics": true,
      "stars": 0,
      "underBudget": true,
    },
    "pass": {
      "cleanTopology": true,
      "hasRequiredBlocks": true,
      "passedMetrics": true,
      "stars": 3,
      "underBudget": true,
    },
  },
  {
    "degraded": {
      "cleanTopology": false,
      "hasRequiredBlocks": true,
      "passedMetrics": true,
      "stars": 1,
      "underBudget": false,
    },
    "id": "the-long-tail",
    "metricsFail": {
      "cleanTopology": true,
      "hasRequiredBlocks": true,
      "passedMetrics": false,
      "stars": 0,
      "underBudget": true,
    },
    "missingReq": {
      "cleanTopology": true,
      "hasRequiredBlocks": false,
      "passedMetrics": true,
      "stars": 0,
      "underBudget": true,
    },
    "pass": {
      "cleanTopology": true,
      "hasRequiredBlocks": true,
      "passedMetrics": true,
      "stars": 3,
      "underBudget": true,
    },
  },
  {
    "degraded": {
      "cleanTopology": false,
      "hasRequiredBlocks": true,
      "passedMetrics": true,
      "stars": 0,
      "underBudget": false,
    },
    "id": "the-singularity",
    "metricsFail": {
      "cleanTopology": true,
      "hasRequiredBlocks": true,
      "passedMetrics": false,
      "stars": 0,
      "underBudget": true,
    },
    "missingReq": {
      "cleanTopology": true,
      "hasRequiredBlocks": false,
      "passedMetrics": true,
      "stars": 0,
      "underBudget": true,
    },
    "pass": {
      "cleanTopology": true,
      "hasRequiredBlocks": true,
      "passedMetrics": true,
      "stars": 0,
      "underBudget": true,
    },
  },
  {
    "degraded": {
      "cleanTopology": false,
      "hasRequiredBlocks": true,
      "passedMetrics": true,
      "stars": 0,
      "underBudget": false,
    },
    "id": "thundering-herd",
    "metricsFail": {
      "cleanTopology": true,
      "hasRequiredBlocks": true,
      "passedMetrics": false,
      "stars": 0,
      "underBudget": true,
    },
    "missingReq": {
      "cleanTopology": true,
      "hasRequiredBlocks": false,
      "passedMetrics": true,
      "stars": 0,
      "underBudget": true,
    },
    "pass": {
      "cleanTopology": true,
      "hasRequiredBlocks": true,
      "passedMetrics": true,
      "stars": 0,
      "underBudget": true,
    },
  },
  {
    "degraded": {
      "cleanTopology": false,
      "hasRequiredBlocks": true,
      "passedMetrics": false,
      "stars": 0,
      "underBudget": false,
    },
    "id": "unit-economics",
    "metricsFail": {
      "cleanTopology": true,
      "hasRequiredBlocks": true,
      "passedMetrics": false,
      "stars": 0,
      "underBudget": true,
    },
    "missingReq": {
      "cleanTopology": true,
      "hasRequiredBlocks": false,
      "passedMetrics": false,
      "stars": 0,
      "underBudget": true,
    },
    "pass": {
      "cleanTopology": true,
      "hasRequiredBlocks": true,
      "passedMetrics": false,
      "stars": 0,
      "underBudget": true,
    },
  },
  {
    "degraded": {
      "cleanTopology": false,
      "hasRequiredBlocks": true,
      "passedMetrics": true,
      "stars": 1,
      "underBudget": false,
    },
    "id": "worker-fleet",
    "metricsFail": {
      "cleanTopology": true,
      "hasRequiredBlocks": true,
      "passedMetrics": false,
      "stars": 0,
      "underBudget": true,
    },
    "missingReq": {
      "cleanTopology": true,
      "hasRequiredBlocks": false,
      "passedMetrics": true,
      "stars": 0,
      "underBudget": true,
    },
    "pass": {
      "cleanTopology": true,
      "hasRequiredBlocks": true,
      "passedMetrics": true,
      "stars": 3,
      "underBudget": true,
    },
  },
  {
    "degraded": {
      "cleanTopology": false,
      "hasRequiredBlocks": true,
      "passedMetrics": true,
      "stars": 1,
      "underBudget": false,
    },
    "id": "write-storm",
    "metricsFail": {
      "cleanTopology": true,
      "hasRequiredBlocks": true,
      "passedMetrics": false,
      "stars": 0,
      "underBudget": true,
    },
    "missingReq": {
      "cleanTopology": true,
      "hasRequiredBlocks": false,
      "passedMetrics": true,
      "stars": 0,
      "underBudget": true,
    },
    "pass": {
      "cleanTopology": true,
      "hasRequiredBlocks": true,
      "passedMetrics": true,
      "stars": 3,
      "underBudget": true,
    },
  },
  {
    "degraded": {
      "cleanTopology": false,
      "hasRequiredBlocks": true,
      "passedMetrics": true,
      "stars": 1,
      "underBudget": false,
    },
    "id": "write-storm-brownout",
    "metricsFail": {
      "cleanTopology": true,
      "hasRequiredBlocks": true,
      "passedMetrics": false,
      "stars": 0,
      "underBudget": true,
    },
    "missingReq": {
      "cleanTopology": true,
      "hasRequiredBlocks": false,
      "passedMetrics": true,
      "stars": 0,
      "underBudget": true,
    },
    "pass": {
      "cleanTopology": true,
      "hasRequiredBlocks": true,
      "passedMetrics": true,
      "stars": 3,
      "underBudget": true,
    },
  },
  {
    "degraded": {
      "cleanTopology": false,
      "hasRequiredBlocks": true,
      "passedMetrics": true,
      "stars": 1,
      "underBudget": false,
    },
    "id": "zero-budget-hero",
    "metricsFail": {
      "cleanTopology": true,
      "hasRequiredBlocks": true,
      "passedMetrics": false,
      "stars": 0,
      "underBudget": true,
    },
    "missingReq": {
      "cleanTopology": true,
      "hasRequiredBlocks": false,
      "passedMetrics": true,
      "stars": 0,
      "underBudget": true,
    },
    "pass": {
      "cleanTopology": true,
      "hasRequiredBlocks": true,
      "passedMetrics": true,
      "stars": 3,
      "underBudget": true,
    },
  },
  {
    "degraded": {
      "cleanTopology": false,
      "hasRequiredBlocks": true,
      "passedMetrics": true,
      "stars": 1,
      "underBudget": false,
    },
    "id": "zone-failure",
    "metricsFail": {
      "cleanTopology": true,
      "hasRequiredBlocks": true,
      "passedMetrics": false,
      "stars": 0,
      "underBudget": true,
    },
    "missingReq": {
      "cleanTopology": true,
      "hasRequiredBlocks": false,
      "passedMetrics": true,
      "stars": 0,
      "underBudget": true,
    },
    "pass": {
      "cleanTopology": true,
      "hasRequiredBlocks": true,
      "passedMetrics": true,
      "stars": 3,
      "underBudget": true,
    },
  },
  {
    "degraded": {
      "cleanTopology": false,
      "hasRequiredBlocks": true,
      "passedMetrics": true,
      "stars": 1,
      "underBudget": false,
    },
    "id": "zone-replica",
    "metricsFail": {
      "cleanTopology": true,
      "hasRequiredBlocks": true,
      "passedMetrics": false,
      "stars": 0,
      "underBudget": true,
    },
    "missingReq": {
      "cleanTopology": true,
      "hasRequiredBlocks": false,
      "passedMetrics": true,
      "stars": 0,
      "underBudget": true,
    },
    "pass": {
      "cleanTopology": true,
      "hasRequiredBlocks": true,
      "passedMetrics": true,
      "stars": 3,
      "underBudget": true,
    },
  },
]
`;
