// Vitest Snapshot v1, https://vitest.dev/guide/snapshot.html

exports[`unlock-ordering (S5 — REQ gate closed, palette gaps tracked) > tracks the remaining soft palette gaps (ungrantable-available-block) as a drift-net snapshot 1`] = `
[
  "always-on | message-queue",
  "async-backbone | cache",
  "async-backbone | load-balancer",
  "async-pipeline | cache",
  "async-pipeline | load-balancer",
  "async-pipeline | worker",
  "chaos-day | message-queue",
  "data-pipeline | object-storage",
  "defense-in-depth | load-balancer",
  "edge-economics | nosql",
  "event-stream | cache",
  "event-stream | nosql",
  "fan-it-out | relational-db",
  "follow-the-sun | cache",
  "follow-the-sun | relational-db",
  "four-front-war | nosql",
  "heat-death | nosql",
  "heat-death | serverless",
  "lean-at-scale | cdn",
  "lean-at-scale | dns",
  "lean-at-scale | load-balancer",
  "lean-at-scale | nosql",
  "llm-service | cache",
  "llm-service | relational-db",
  "no-cache-no-mercy | nosql",
  "observe-baseline | relational-db",
  "observe-to-recover | load-balancer",
  "personalized-feed | cdn",
  "personalized-feed | load-balancer",
  "personalized-feed | nosql",
  "planet-scale | nosql",
  "rag-retrieval | load-balancer",
  "realtime-live | cache",
  "search-at-scale | cdn",
  "serverless-or-bust | serverless",
  "siem-audit | observability",
  "stream-processor | cache",
  "strong-or-stale | cdn",
  "strong-or-stale | dns",
  "strong-or-stale | load-balancer",
  "strong-or-stale | nosql",
  "the-long-tail | realtime",
  "unit-economics | cdn",
  "unit-economics | dns",
  "unit-economics | load-balancer",
  "unit-economics | nosql",
  "write-storm | load-balancer",
  "write-storm | message-queue",
  "write-storm-brownout | message-queue",
  "zero-budget-hero | nosql",
  "zone-failure | cache",
  "zone-failure | relational-db",
  "zone-replica | relational-db",
]
`;
