// Vitest Snapshot v1, https://vitest.dev/guide/snapshot.html

exports[`unlock-ordering baseline (S3 — pre-S4/S5 worklist) > locks the current unlock-ordering violations (worklist + drift net) 1`] = `
[
  "always-on | PAL | cache",
  "always-on | PAL | message-queue",
  "always-on | PAL | relational-db",
  "always-on | REQ | cache",
  "api-gateway | PAL | auth",
  "api-gateway | REQ | auth",
  "async-backbone | PAL | cache",
  "async-backbone | PAL | load-balancer",
  "async-pipeline | PAL | cache",
  "async-pipeline | PAL | load-balancer",
  "async-pipeline | PAL | worker",
  "burst-absorber | PAL | load-balancer",
  "burst-absorber | PAL | worker",
  "burst-absorber | REQ | worker",
  "chaos-day | PAL | cache",
  "chaos-day | PAL | message-queue",
  "chaos-day | PAL | relational-db",
  "chaos-day | REQ | cache",
  "checkout-flow | PAL | relational-db",
  "checkout-flow | REQ | relational-db",
  "cold-start-spike | PAL | serverless",
  "cold-start-spike | REQ | serverless",
  "data-pipeline | PAL | object-storage",
  "defense-in-depth | PAL | load-balancer",
  "defense-in-depth | PAL | observability",
  "defense-in-depth | REQ | observability",
  "edge-economics | PAL | nosql",
  "event-stream | PAL | cache",
  "event-stream | PAL | nosql",
  "fan-it-out | PAL | relational-db",
  "follow-the-sun | PAL | cache",
  "follow-the-sun | PAL | relational-db",
  "fortress | PAL | cache",
  "fortress | PAL | relational-db",
  "foundations-mastery | PAL | message-queue",
  "foundations-mastery | REQ | message-queue",
  "four-front-war | PAL | cache",
  "four-front-war | PAL | nosql",
  "four-front-war | PAL | relational-db",
  "four-front-war | REQ | cache",
  "four-front-war | REQ | relational-db",
  "heat-death | PAL | cache",
  "heat-death | PAL | nosql",
  "heat-death | PAL | relational-db",
  "heat-death | PAL | serverless",
  "heat-death | REQ | cache",
  "lean-at-scale | PAL | cdn",
  "lean-at-scale | PAL | dns",
  "lean-at-scale | PAL | load-balancer",
  "lean-at-scale | PAL | nosql",
  "llm-service | PAL | cache",
  "llm-service | PAL | relational-db",
  "maxwells-demon | PAL | cache",
  "maxwells-demon | PAL | relational-db",
  "maxwells-demon | REQ | cache",
  "no-cache-no-mercy | PAL | nosql",
  "observe-baseline | PAL | relational-db",
  "observe-to-recover | PAL | load-balancer",
  "personalized-feed | PAL | cdn",
  "personalized-feed | PAL | load-balancer",
  "personalized-feed | PAL | nosql",
  "planet-scale | PAL | nosql",
  "rag-retrieval | PAL | load-balancer",
  "realtime-live | PAL | cache",
  "search-at-scale | PAL | cdn",
  "serverless-or-bust | PAL | serverless",
  "siem-audit | PAL | observability",
  "stream-processor | PAL | cache",
  "strong-or-stale | PAL | cdn",
  "strong-or-stale | PAL | dns",
  "strong-or-stale | PAL | load-balancer",
  "strong-or-stale | PAL | nosql",
  "the-long-tail | PAL | realtime",
  "unit-economics | PAL | cdn",
  "unit-economics | PAL | dns",
  "unit-economics | PAL | load-balancer",
  "unit-economics | PAL | nosql",
  "worker-fleet | PAL | message-queue",
  "worker-fleet | REQ | message-queue",
  "write-storm | PAL | load-balancer",
  "write-storm | PAL | message-queue",
  "write-storm-brownout | PAL | message-queue",
  "zero-budget-hero | PAL | nosql",
  "zone-failure | PAL | cache",
  "zone-failure | PAL | relational-db",
  "zone-replica | PAL | relational-db",
]
`;
